// Jest Snapshot v1, https://goo.gl/fbAQLP

exports[`boolean field should render correctly 1`] = `

<div class="formatic">
  <div class="optional">
    <div class>
      <span class="required-label not-required-text">
      </span>
    </div>
    <span>
    </span>
    <fieldset class>
      <div class="optional">
        <div class>
          <label>
            Do you like cookies?
          </label>
          <span class="required-label not-required-text">
          </span>
        </div>
        <span>
        </span>
        <select class>
          <option value="choice:0">
            yes
          </option>
          <option value="choice:1">
            no
          </option>
        </select>
      </div>
    </fieldset>
  </div>
</div>

`;
