// Jest Snapshot v1, https://goo.gl/fbAQLP

exports[`grouped-fields field should render correctly 1`] = `

<div class="formatic">
  <div class="optional">
    <div class>
      <span class="required-label not-required-text">
      </span>
    </div>
    <span>
    </span>
    <fieldset class>
      <div class="optional">
        <div class>
          <label>
            Grouped Fields
          </label>
          <span class="required-label not-required-text">
          </span>
        </div>
        <div class>
          Grouped fields are the best!
        </div>
        <fieldset class>
          <div class="optional">
            <div class>
              <label>
                Top Level
              </label>
              <span class="required-label not-required-text">
              </span>
            </div>
            <span>
            </span>
            <input class
                   tabindex="0"
                   type="text"
                   value
            >
          </div>
          <fieldset class=" child-fields-group">
            <legend>
              Section1
            </legend>
            <div class="optional">
              <div class>
                <label>
                  Section 1 field 1
                </label>
                <span class="required-label not-required-text">
                </span>
              </div>
              <span>
              </span>
              <input class
                     tabindex="0"
                     type="text"
                     value
              >
            </div>
            <div class="optional">
              <div class>
                <label>
                  Section 1 field 2
                </label>
                <span class="required-label not-required-text">
                </span>
              </div>
              <span>
              </span>
              <input class
                     tabindex="0"
                     type="text"
                     value
              >
            </div>
          </fieldset>
          <fieldset class=" child-fields-group">
            <legend>
              Section2
            </legend>
            <div class="optional">
              <div class>
                <label>
                  Section 2 field 1
                </label>
                <span class="required-label not-required-text">
                </span>
              </div>
              <span>
              </span>
              <input class
                     tabindex="0"
                     type="text"
                     value
              >
            </div>
            <div class="optional">
              <div class>
                <label>
                  Section 2 field 2
                </label>
                <span class="required-label not-required-text">
                </span>
              </div>
              <span>
              </span>
              <input class
                     tabindex="0"
                     type="text"
                     value
              >
            </div>
          </fieldset>
        </fieldset>
      </div>
    </fieldset>
  </div>
</div>

`;
