// Jest Snapshot v1, https://goo.gl/fbAQLP

exports[`json field should render correctly 1`] = `

<div class="formatic">
  <div class="optional">
    <div class>
      <span class="required-label not-required-text">
      </span>
    </div>
    <span>
      <span>
      </span>
      <fieldset class>
        <div class="optional">
          <div class>
            <label>
              The Blob
            </label>
            <span class="required-label not-required-text">
            </span>
          </div>
          <span>
            <span>
            </span>
            <textarea class
                      rows="5"
            >
              {}
            </textarea>
          </span>
        </div>
      </fieldset>
    </span>
  </div>
</div>

`;
