// Jest Snapshot v1, https://goo.gl/fbAQLP

exports[`password field should render correctly 1`] = `

<div class="formatic">
  <div class="optional">
    <div class>
      <span class="required-label not-required-text">
      </span>
    </div>
    <span>
    </span>
    <fieldset class>
      <div class="validation-error-required required">
        <div class>
          <label>
            Password (R)
          </label>
          <span class="required-label required-text">
          </span>
        </div>
        <span>
        </span>
        <input type="password"
               class
               placeholder="type something secret..."
               value
        >
      </div>
    </fieldset>
  </div>
</div>

`;
