// Jest Snapshot v1, https://goo.gl/fbAQLP

exports[`single-line-string field should render correctly 1`] = `

<div class="formatic">
  <div class="optional">
    <div class>
      <span class="required-label not-required-text">
      </span>
    </div>
    <span>
    </span>
    <fieldset class>
      <div class="optional">
        <div class>
          <label>
            single line string
          </label>
          <span class="required-label not-required-text">
          </span>
        </div>
        <div class>
          help for the single line string field
        </div>
        <input tabindex="0"
               type="text"
               class
               autocomplete="on"
               placeholder="type something..."
               value
        >
      </div>
      <div class="required">
        <div class>
          <label>
            Name (R)
          </label>
          <span class="required-label required-text">
          </span>
        </div>
        <div class>
          help for the required name field
        </div>
        <input tabindex="0"
               type="text"
               class
               value="Unknown"
        >
      </div>
      <div class="optional readonly">
        <div class>
          <label>
            Readonly Name
          </label>
          <span class="required-label not-required-text">
          </span>
        </div>
        <span>
        </span>
        <input tabindex="-1"
               type="text"
               class
               readonly
               value="Bob"
        >
      </div>
      <div class="optional">
        <div class>
          <label>
            Path
          </label>
          <span class="required-label not-required-text">
          </span>
        </div>
        <span>
        </span>
        <div role="presentation"
             class="pretty-text-wrapper"
        >
          <div class="pretty-text-click-wrapper"
               tabindex="0"
               role="textbox"
          >
            <div role="presentation"
                 class="pretty-text-box placeholder"
                 tabindex="0"
            >
              <div class="internal-text-wrapper">
                <span>
                </span>
              </div>
            </div>
          </div>
          <a href="JavaScript:"
             class
          >
            Insert...
          </a>
        </div>
      </div>
    </fieldset>
  </div>
</div>

`;
